// Jest Snapshot v1, https://goo.gl/fbAQLP

exports[`Surface component should render correctly 1`] = `
<View
  collapsable={false}
  style={
    {
      "backgroundColor": "rgb(247, 243, 249)",
      "borderRadius": 8,
      "shadowColor": "#000",
      "shadowOffset": {
        "height": 1,
        "width": 0,
      },
      "shadowOpacity": 0.15,
      "shadowRadius": 3,
    }
  }
  testID="surface-outer-layer"
>
  <View
    collapsable={false}
    style={
      {
        "backgroundColor": "rgb(247, 243, 249)",
        "borderRadius": 8,
        "flex": undefined,
        "padding": 16,
        "shadowColor": "#000",
        "shadowOffset": {
          "height": 1,
          "width": 0,
        },
        "shadowOpacity": 0.3,
        "shadowRadius": 1,
      }
    }
    testID="surface"
  >
    <Text>
      Snap Shot Test
    </Text>
  </View>
</View>
`;
