// Jest Snapshot v1, https://goo.gl/fbAQLP

exports[`StatusBar renders correctly 1`] = `
<View
  collapsable={false}
  style={
    {
      "backgroundColor": "rgb(247, 243, 249)",
      "borderRadius": 8,
      "shadowColor": "#000",
      "shadowOffset": {
        "height": 1,
        "width": 0,
      },
      "shadowOpacity": 0.15,
      "shadowRadius": 3,
    }
  }
  testID="surface-outer-layer"
>
  <View
    collapsable={false}
    style={
      {
        "backgroundColor": "rgb(247, 243, 249)",
        "borderRadius": 8,
        "flex": undefined,
        "gap": 8,
        "padding": 16,
        "shadowColor": "#000",
        "shadowOffset": {
          "height": 1,
          "width": 0,
        },
        "shadowOpacity": 0.3,
        "shadowRadius": 1,
      }
    }
    testID="surface"
  >
    <View
      style={
        [
          {
            "alignItems": "center",
            "flexDirection": "row",
            "justifyContent": "center",
          },
          undefined,
        ]
      }
    >
      <View
        style={
          [
            {
              "left": 0,
              "position": "absolute",
            },
            undefined,
          ]
        }
      >
        <View
          collapsable={false}
          style={
            {
              "backgroundColor": "transparent",
              "borderRadius": 20,
              "height": 40,
              "margin": 6,
              "shadowColor": "#000",
              "shadowOffset": {
                "height": 0,
                "width": 0,
              },
              "shadowOpacity": 0,
              "shadowRadius": 0,
              "width": 40,
            }
          }
          testID="icon-button-container-outer-layer"
        >
          <View
            collapsable={false}
            style={
              {
                "backgroundColor": "transparent",
                "borderColor": "rgba(121, 116, 126, 1)",
                "borderRadius": 20,
                "borderWidth": 0,
                "elevation": 0,
                "flex": 1,
                "overflow": "hidden",
                "shadowColor": "#000",
                "shadowOffset": {
                  "height": 0,
                  "width": 0,
                },
                "shadowOpacity": 0,
                "shadowRadius": 0,
              }
            }
            testID="icon-button-container"
          >
            <View
              accessibilityComponentType="button"
              accessibilityRole="button"
              accessibilityState={
                {
                  "busy": undefined,
                  "checked": undefined,
                  "disabled": false,
                  "expanded": undefined,
                  "selected": undefined,
                }
              }
              accessibilityTraits="button"
              accessibilityValue={
                {
                  "max": undefined,
                  "min": undefined,
                  "now": undefined,
                  "text": undefined,
                }
              }
              accessible={true}
              centered={true}
              collapsable={false}
              focusable={true}
              hitSlop={
                {
                  "bottom": 6,
                  "left": 6,
                  "right": 6,
                  "top": 6,
                }
              }
              onBlur={[Function]}
              onClick={[Function]}
              onFocus={[Function]}
              onResponderGrant={[Function]}
              onResponderMove={[Function]}
              onResponderRelease={[Function]}
              onResponderTerminate={[Function]}
              onResponderTerminationRequest={[Function]}
              onStartShouldSetResponder={[Function]}
              style={
                [
                  {
                    "overflow": "hidden",
                  },
                  [
                    {
                      "alignItems": "center",
                      "flexGrow": 1,
                      "justifyContent": "center",
                    },
                    {
                      "borderRadius": 20,
                    },
                  ],
                ]
              }
              testID="icon-button"
            >
              <Text />
            </View>
          </View>
        </View>
      </View>
      <Text
        style={
          [
            {
              "textAlign": "left",
            },
            {
              "color": "rgba(28, 27, 31, 1)",
              "writingDirection": "ltr",
            },
            [
              {
                "fontFamily": "System",
                "fontSize": 16,
                "fontWeight": "500",
                "letterSpacing": 0.15,
                "lineHeight": 24,
              },
              undefined,
            ],
          ]
        }
      >
        Snapshot test!
      </Text>
      <View
        style={
          [
            {
              "position": "absolute",
              "right": 0,
            },
            undefined,
          ]
        }
      />
    </View>
  </View>
</View>
`;
