// Jest Snapshot v1, https://goo.gl/fbAQLP

exports[`TabBarIcon component renders correctly 1`] = `<Text />`;
