// Jest Snapshot v1, https://goo.gl/fbAQLP

exports[`ScoreCard component renders the name, score, and rankPosition 1 correctly 1`] = `
<View
  collapsable={false}
  style={
    {
      "backgroundColor": "#FFD700",
      "borderRadius": 8,
      "shadowColor": "#000",
      "shadowOffset": {
        "height": 1,
        "width": 0,
      },
      "shadowOpacity": 0.15,
      "shadowRadius": 3,
    }
  }
  testID="surface-outer-layer"
>
  <View
    collapsable={false}
    style={
      {
        "alignItems": "center",
        "backgroundColor": "#FFD700",
        "borderRadius": 8,
        "flex": undefined,
        "flexDirection": "row",
        "justifyContent": "space-between",
        "padding": 16,
        "shadowColor": "#000",
        "shadowOffset": {
          "height": 1,
          "width": 0,
        },
        "shadowOpacity": 0.3,
        "shadowRadius": 1,
      }
    }
    testID="surface"
  >
    <View
      style={
        {
          "left": -12,
          "position": "absolute",
          "top": 0,
        }
      }
    >
      <View
        collapsable={false}
        jestAnimatedStyle={
          {
            "value": {
              "transform": [
                {
                  "rotate": "0deg",
                },
              ],
            },
          }
        }
        style={
          {
            "transform": [
              {
                "rotate": "0deg",
              },
            ],
          }
        }
      >
        <Text
          style={
            [
              {
                "textAlign": "left",
              },
              {
                "color": "rgba(28, 27, 31, 1)",
                "fontFamily": "System",
                "fontWeight": "400",
                "letterSpacing": 0,
              },
              {
                "writingDirection": "ltr",
              },
              {
                "fontSize": 28,
                "lineHeight": 32,
                "marginTop": -6,
              },
            ]
          }
        >
          üèÜ
        </Text>
      </View>
    </View>
    <View
      style={
        {
          "alignItems": "center",
          "flexDirection": "row",
          "gap": 4,
        }
      }
    >
      <Text
        style={
          [
            {
              "textAlign": "left",
            },
            {
              "color": "rgba(28, 27, 31, 1)",
              "writingDirection": "ltr",
            },
            [
              {
                "fontFamily": "System",
                "fontSize": 16,
                "fontWeight": "500",
                "letterSpacing": 0.15,
                "lineHeight": 24,
              },
              undefined,
            ],
          ]
        }
      >
        John Doe
      </Text>
    </View>
    <Text
      style={
        [
          {
            "textAlign": "left",
          },
          {
            "color": "rgba(28, 27, 31, 1)",
            "writingDirection": "ltr",
          },
          [
            {
              "fontFamily": "System",
              "fontSize": 14,
              "fontWeight": "500",
              "letterSpacing": 0.1,
              "lineHeight": 20,
            },
            undefined,
          ],
        ]
      }
    >
      100
    </Text>
  </View>
</View>
`;

exports[`ScoreCard component renders the name, score, and rankPosition 2 correctly 1`] = `
<View
  collapsable={false}
  style={
    {
      "backgroundColor": "#C0C0C0",
      "borderRadius": 8,
      "shadowColor": "#000",
      "shadowOffset": {
        "height": 1,
        "width": 0,
      },
      "shadowOpacity": 0.15,
      "shadowRadius": 3,
    }
  }
  testID="surface-outer-layer"
>
  <View
    collapsable={false}
    style={
      {
        "alignItems": "center",
        "backgroundColor": "#C0C0C0",
        "borderRadius": 8,
        "flex": undefined,
        "flexDirection": "row",
        "justifyContent": "space-between",
        "padding": 16,
        "shadowColor": "#000",
        "shadowOffset": {
          "height": 1,
          "width": 0,
        },
        "shadowOpacity": 0.3,
        "shadowRadius": 1,
      }
    }
    testID="surface"
  >
    <View
      style={
        {
          "left": -12,
          "position": "absolute",
          "top": 0,
        }
      }
    >
      <View
        collapsable={false}
        jestAnimatedStyle={
          {
            "value": {
              "transform": [
                {
                  "rotate": "0deg",
                },
              ],
            },
          }
        }
        style={
          {
            "transform": [
              {
                "rotate": "0deg",
              },
            ],
          }
        }
      >
        <Text
          style={
            [
              {
                "textAlign": "left",
              },
              {
                "color": "rgba(28, 27, 31, 1)",
                "fontFamily": "System",
                "fontWeight": "400",
                "letterSpacing": 0,
              },
              {
                "writingDirection": "ltr",
              },
              {
                "fontSize": 28,
                "lineHeight": 32,
                "marginTop": -6,
              },
            ]
          }
        >
          üèÜ
        </Text>
      </View>
    </View>
    <View
      style={
        {
          "alignItems": "center",
          "flexDirection": "row",
          "gap": 4,
        }
      }
    >
      <Text
        style={
          [
            {
              "textAlign": "left",
            },
            {
              "color": "rgba(28, 27, 31, 1)",
              "writingDirection": "ltr",
            },
            [
              {
                "fontFamily": "System",
                "fontSize": 16,
                "fontWeight": "500",
                "letterSpacing": 0.15,
                "lineHeight": 24,
              },
              undefined,
            ],
          ]
        }
      >
        John Doe
      </Text>
    </View>
    <Text
      style={
        [
          {
            "textAlign": "left",
          },
          {
            "color": "rgba(28, 27, 31, 1)",
            "writingDirection": "ltr",
          },
          [
            {
              "fontFamily": "System",
              "fontSize": 14,
              "fontWeight": "500",
              "letterSpacing": 0.1,
              "lineHeight": 20,
            },
            undefined,
          ],
        ]
      }
    >
      100
    </Text>
  </View>
</View>
`;

exports[`ScoreCard component renders the name, score, and rankPosition 3 correctly 1`] = `
<View
  collapsable={false}
  style={
    {
      "backgroundColor": "#cd7f32",
      "borderRadius": 8,
      "shadowColor": "#000",
      "shadowOffset": {
        "height": 1,
        "width": 0,
      },
      "shadowOpacity": 0.15,
      "shadowRadius": 3,
    }
  }
  testID="surface-outer-layer"
>
  <View
    collapsable={false}
    style={
      {
        "alignItems": "center",
        "backgroundColor": "#cd7f32",
        "borderRadius": 8,
        "flex": undefined,
        "flexDirection": "row",
        "justifyContent": "space-between",
        "padding": 16,
        "shadowColor": "#000",
        "shadowOffset": {
          "height": 1,
          "width": 0,
        },
        "shadowOpacity": 0.3,
        "shadowRadius": 1,
      }
    }
    testID="surface"
  >
    <View
      style={
        {
          "alignItems": "center",
          "flexDirection": "row",
          "gap": 4,
        }
      }
    >
      <Text
        style={
          [
            {
              "textAlign": "left",
            },
            {
              "color": "rgba(28, 27, 31, 1)",
              "writingDirection": "ltr",
            },
            [
              {
                "fontFamily": "System",
                "fontSize": 16,
                "fontWeight": "500",
                "letterSpacing": 0.15,
                "lineHeight": 24,
              },
              undefined,
            ],
          ]
        }
      >
        John Doe
      </Text>
    </View>
    <Text
      style={
        [
          {
            "textAlign": "left",
          },
          {
            "color": "rgba(28, 27, 31, 1)",
            "writingDirection": "ltr",
          },
          [
            {
              "fontFamily": "System",
              "fontSize": 14,
              "fontWeight": "500",
              "letterSpacing": 0.1,
              "lineHeight": 20,
            },
            undefined,
          ],
        ]
      }
    >
      100
    </Text>
  </View>
</View>
`;

exports[`ScoreCard component renders the name, score, and rankPosition 4 correctly 1`] = `
<View
  collapsable={false}
  style={
    {
      "backgroundColor": "rgba(255, 251, 254, 1)",
      "borderRadius": 8,
      "shadowColor": "#000",
      "shadowOffset": {
        "height": 1,
        "width": 0,
      },
      "shadowOpacity": 0.15,
      "shadowRadius": 3,
    }
  }
  testID="surface-outer-layer"
>
  <View
    collapsable={false}
    style={
      {
        "alignItems": "center",
        "backgroundColor": "rgba(255, 251, 254, 1)",
        "borderRadius": 8,
        "flex": undefined,
        "flexDirection": "row",
        "justifyContent": "space-between",
        "padding": 16,
        "shadowColor": "#000",
        "shadowOffset": {
          "height": 1,
          "width": 0,
        },
        "shadowOpacity": 0.3,
        "shadowRadius": 1,
      }
    }
    testID="surface"
  >
    <View
      style={
        {
          "alignItems": "center",
          "flexDirection": "row",
          "gap": 4,
        }
      }
    >
      <Text
        style={
          [
            {
              "textAlign": "left",
            },
            {
              "color": "rgba(28, 27, 31, 1)",
              "writingDirection": "ltr",
            },
            [
              {
                "fontFamily": "System",
                "fontSize": 16,
                "fontWeight": "500",
                "letterSpacing": 0.15,
                "lineHeight": 24,
              },
              undefined,
            ],
          ]
        }
      >
        John Doe
      </Text>
    </View>
    <Text
      style={
        [
          {
            "textAlign": "left",
          },
          {
            "color": "rgba(28, 27, 31, 1)",
            "writingDirection": "ltr",
          },
          [
            {
              "fontFamily": "System",
              "fontSize": 14,
              "fontWeight": "500",
              "letterSpacing": 0.1,
              "lineHeight": 20,
            },
            undefined,
          ],
        ]
      }
    >
      100
    </Text>
  </View>
</View>
`;
